missing_or_tiny=279 batch=110
20 zbd-08 ['ZBL-08轮式步兵战车', '08式轮式步兵战车']
20 pcl-161 ['PCL-161', '122毫米车载榴弹炮']
20 type-093b ['093型核潜艇', '商级核潜艇']
20 type-84-minelayer ['84式布雷车', '履带式布雷车']
20 pll-01 ['PLL-01', '100毫米突击炮']
20 type-19-ifv ['19式步兵战车', 'VN22']
20 type-021 ['021型导弹艇', '黄蜂级导弹艇']
20 type-096 ['096型战略核潜艇', '唐级核潜艇']
20 z-8g ['直-8G', '直-8直升机']
20 ch-3 ['彩虹-3无人机', 'CH-3无人机']
20 wz-5 ['无侦-5', '长虹无人机']
20 plz-52 ['PLZ-52自行榴弹炮', '52倍径155毫米自行榴弹炮']
20 type-927 ['927型海洋监视船', '天狼星级']
20 hq-7b ['红旗-7B', '红旗-7']
20 tor-m1 ['道尔-M1防空导弹', 'Tor-M1']
[1/110] zbd-08 | 08式輪式步戰車
  skip '百度百科——全球领先的中文百科全书'
  skip '百度百科——全球领先的中文百科全书'
  skip '百度百科——全球领先的中文百科全书'
  skip '百度百科——全球领先的中文百科全书'
  skip '百度百科——全球领先的中文百科全书'
  skip 'NVH-1式步兵战车'
  FAIL 'VBCI轮式步兵战车'
[2/110] pcl-161 | PCL-161 122mm車載砲
  skip '百度百科——全球领先的中文百科全书'
  skip '百度百科——全球领先的中文百科全书'
  skip '百度百科——全球领先的中文百科全书'
  skip '百度百科——全球领先的中文百科全书'
  OK 09式122毫米车载榴弹炮 [950, 656]
[3/110] type-093b | 093B型攻擊核潛艦
  OK 093型核潜艇 [445, 505]
[4/110] type-84-minelayer | 84式布雷車
  skip '百度百科——全球领先的中文百科全书'
  skip '百度百科——全球领先的中文百科全书'
  skip '百度百科——全球领先的中文百科全书'
  skip '百度百科——全球领先的中文百科全书'
  skip '84式坦克架桥车'
  FAIL '84式自动步枪'
[5/110] pll-01 | PLL-01 100mm突擊砲
  skip '百度百科——全球领先的中文百科全书'
  skip '百度百科——全球领先的中文百科全书'
  skip '百度百科——全球领先的中文百科全书'
  OK 中国PLL01型155毫米牵引式加农榴弹炮 [582, 406]
[6/110] type-19-ifv | 19式輪式步兵戰車
  skip '百度百科——全球领先的中文百科全书'
  skip '百度百科——全球领先的中文百科全书'
  skip '百度百科——全球领先的中文百科全书'
  skip '百度百科——全球领先的中文百科全书'
  skip '百度百科——全球领先的中文百科全书'
  skip '米格-19战斗机'
  FAIL '步兵战车'
[7/110] type-021 | 021型飛彈快艇（黃蜂級）
  OK 黄蜂级导弹艇 [690, 488]
[8/110] type-096 | 096型戰略核潛艇（唐級，研發中）
  skip '百度百科——全球领先的中文百科全书'
  skip '百度百科——全球领先的中文百科全书'
  skip '百度百科——全球领先的中文百科全书'
  skip '百度百科——全球领先的中文百科全书'
  skip '单壳体潜艇'
  FAIL '单壳体潜艇'
[9/110] z-8g | 直-8G 通用運輸直升機
  skip '直-8G'
  OK 直-8 [1009, 654]
[10/110] ch-3 | 彩虹-3 察打無人機
  OK 彩虹-3无人机 [1600, 1200]
[11/110] wz-5 | 無偵-5 高空偵察無人機（舊式）
  skip '百度百科——全球领先的中文百科全书'
  skip '百度百科——全球领先的中文百科全书'
  skip '中国无人机'
  FAIL '长虹一号（中国仿制的高空无人侦察机）'
[12/110] plz-52 | PLZ-52 155mm 自走榴彈砲
  skip '百度百科——全球领先的中文百科全书'
  skip '百度百科——全球领先的中文百科全书'
  skip '百度百科——全球领先的中文百科全书'
  skip '百度百科——全球领先的中文百科全书'
  OK 155mm自行榴弹炮 [590, 430]
[13/110] type-927 | 927型海洋監視船（拖曳陣）
  skip '百度百科——全球领先的中文百科全书'
  skip '百度百科——全球领先的中文百科全书'
  skip '百度百科——全球领先的中文百科全书'
  skip '百度百科——全球领先的中文百科全书'
  skip '百度百科——全球领先的中文百科全书'
  skip '天语A927'
  FAIL '百度百科_全球领先的中文百科全书'
[14/110] hq-7b | 紅旗-7B近程防空導彈
  skip '百度百科——全球领先的中文百科全书'
  skip '百度百科——全球领先的中文百科全书'
  skip '百度百科——全球领先的中文百科全书'
  OK FM-90(FM-80M)防空导弹 [1359, 810]
[15/110] tor-m1 | 道爾-M1防空導彈（引進）
  skip '百度百科——全球领先的中文百科全书'
  skip '百度百科——全球领先的中文百科全书'
  skip '百度百科——全球领先的中文百科全书'
  OK 盾牌--道尔-M1地空导弹系统 [800, 538]
[16/110] dzj-08 | DZJ-08 單兵火箭
  skip '百度百科——全球领先的中文百科全书'
  skip '百度百科——全球领先的中文百科全书'
  skip '百度百科——全球领先的中文百科全书'
  skip '百度百科——全球领先的中文百科全书'
  OK DZJ08式火箭发射器 [640, 421]
[17/110] pp-87 | PP-87 82mm迫擊砲
  skip '百度百科——全球领先的中文百科全书'
  skip '百度百科——全球领先的中文百科全书'
  skip '百度百科——全球领先的中文百科全书'
  skip '百度百科——全球领先的中文百科全书'
  OK W87式81毫米迫击炮 [450, 600]
[18/110] pp-89 | PP-89 100mm迫擊砲
  skip '百度百科——全球领先的中文百科全书'
  skip '百度百科——全球领先的中文百科全书'
  skip '百度百科——全球领先的中文百科全书'
  skip '百度百科——全球领先的中文百科全书'
  OK 89式60毫米迫击炮 [500, 400]
[19/110] qlg-10 | QLG-10 槍榴彈發射器
  skip '百度百科——全球领先的中文百科全书'
  OK LG2枪挂式榴弹发射器 [743, 431]
[20/110] yj-21 | 鷹擊-21 高超音速反艦飛彈
  OK 鹰击-21导弹 [1600, 1156]
[21/110] yu-6 | 魚-6 重型魚雷
  skip '百度百科——全球领先的中文百科全书'
  skip '百度百科——全球领先的中文百科全书'
  skip '百度百科——全球领先的中文百科全书'
  skip '百度百科——全球领先的中文百科全书'
  OK 鱼雷尾流自导系统 [1600, 900]
[22/110] yu-7 | 魚-7 輕型魚雷
  skip '百度百科——全球领先的中文百科全书'
  skip '百度百科——全球领先的中文百科全书'
  skip '百度百科——全球领先的中文百科全书'
  skip '百度百科——全球领先的中文百科全书'
  skip 'XIAOMI YU7'
  FAIL '电动力鱼雷'
[23/110] yu-10 | 魚-10 魚雷
  skip '百度百科——全球领先的中文百科全书'
  skip '百度百科——全球领先的中文百科全书'
  OK 小米手环10 [1200, 1600]
[24/110] cx-1 | CX-1 超音速反艦飛彈（出口）
  skip '百度百科——全球领先的中文百科全书'
  skip '百度百科——全球领先的中文百科全书'
  skip '百度百科——全球领先的中文百科全书'
  skip 'CX-1模板漆'
  FAIL '雄风-Ⅲ型反舰导弹'
[25/110] cm-401 | CM-401 反艦彈道飛彈（出口展示）
  skip '百度百科——全球领先的中文百科全书'
  skip '百度百科——全球领先的中文百科全书'
  skip '百度百科——全球领先的中文百科全书'
  OK 401快干胶水 [449, 685]
[26/110] ba-9 | 藍箭-9 空射反戰車飛彈
  skip '百度百科——全球领先的中文百科全书'
  skip '百度百科——全球领先的中文百科全书'
  skip '百度百科——全球领先的中文百科全书'
  skip '百度百科——全球领先的中文百科全书'
  skip '百度百科——全球领先的中文百科全书'
  skip '百度百科_全球领先的中文百科全书'
  skip '百度百科_全球领先的中文百科全书'
  FAIL '百度百科_全球领先的中文百科全书'
[27/110] ld-10 | 雷霆-10 反輻射飛彈
  skip '百度百科——全球领先的中文百科全书'
  OK LD-10反辐射导弹 [500, 331]
[28/110] df-27 | 東風-27 彈道飛彈
  skip '百度百科——全球领先的中文百科全书'
  skip '百度百科——全球领先的中文百科全书'
  skip '百度百科——全球领先的中文百科全书'
  OK 东风小康 [562, 479]
[29/110] df-31b | 東風-31B 洲際彈道飛彈
  skip '百度百科——全球领先的中文百科全书'
  OK 东风-31新型陆基洲际导弹 [1600, 960]
[30/110] df-21c | 東風-21C 中程彈道飛彈
  skip '百度百科——全球领先的中文百科全书'
  skip '东风-21弹道导弹'
  skip '百度百科——全球领先的中文百科全书'
  skip '东风-21弹道导弹'
  FAIL '东风-21弹道导弹'
[31/110] pf-89 | 89式火箭筒
  skip '百度百科——全球领先的中文百科全书'
  skip '百度百科——全球领先的中文百科全书'
  skip '百度百科——全球领先的中文百科全书'
  OK PF89A式80毫米单兵多用途火箭筒 [479, 267]
[32/110] df-15a | 東風-15A近程彈道導彈
  skip '百度百科——全球领先的中文百科全书'
  skip '百度百科——全球领先的中文百科全书'
  skip '百度百科——全球领先的中文百科全书'
  skip '百度百科——全球领先的中文百科全书'
  OK 东风15吨洒水车 [1600, 1200]
[33/110] zsl-10 | 10式輪式裝甲車
  skip '百度百科——全球领先的中文百科全书'
  skip '百度百科——全球领先的中文百科全书'
  skip '百度百科——全球领先的中文百科全书'
  skip '百度百科——全球领先的中文百科全书'
  skip '百度百科——全球领先的中文百科全书'
  FAIL '装甲输送车'
[34/110] plz-05 | PLZ-05 155mm自走榴彈砲
  skip '百度百科——全球领先的中文百科全书'
  skip 'PLZ-05自行榴弹炮'
  skip '百度百科——全球领先的中文百科全书'
  skip '百度百科——全球领先的中文百科全书'
  skip '百度百科——全球领先的中文百科全书'
  FAIL '中国炮兵规模'
[35/110] pcl-171 | PCL-171 輕型突擊車
  skip '百度百科——全球领先的中文百科全书'
  skip '百度百科——全球领先的中文百科全书'
  skip '百度百科——全球领先的中文百科全书'
  skip '百度百科——全球领先的中文百科全书'
  FAIL 'SH5型105毫米车载榴弹炮'
[36/110] phz-11 | PHZ-11 122mm多管火箭
  skip '百度百科——全球领先的中文百科全书'
  skip '百度百科——全球领先的中文百科全书'
  skip '百度百科——全球领先的中文百科全书'
  skip '百度百科——全球领先的中文百科全书'
  FAIL '火箭炮'
[37/110] pgz-04a | PGZ-04A 自行高砲
  skip '百度百科——全球领先的中文百科全书'
  skip '百度百科——全球领先的中文百科全书'
  skip '百度百科——全球领先的中文百科全书'
  skip '百度百科——全球领先的中文百科全书'
  FAIL '95式25毫米自行高炮'
[38/110] asn-209 | ASN-209 偵察無人機
  skip '百度百科——全球领先的中文百科全书'
  skip '百度百科——全球领先的中文百科全书'
  skip '百度百科——全球领先的中文百科全书'
  skip '百度百科——全球领先的中文百科全书'
  FAIL '百度百科_全球领先的中文百科全书'
[39/110] gcl-111 | GCL-111 架橋車
  skip '百度百科——全球领先的中文百科全书'
  skip '84式坦克架桥车'
  skip '百度百科——全球领先的中文百科全书'
  skip '百度百科——全球领先的中文百科全书'
  FAIL '坦克式架桥车'
[40/110] pcz-171 | PCZ-171 突擊車變型
  skip '百度百科——全球领先的中文百科全书'
  skip '百度百科——全球领先的中文百科全书'
  FAIL '特种突击车'
[41/110] phl-11 | PHL-11 122mm 火箭砲
  skip '百度百科——全球领先的中文百科全书'
  skip '百度百科——全球领先的中文百科全书'
  skip '百度百科——全球领先的中文百科全书'
  skip '百度百科——全球领先的中文百科全书'
  FAIL 'A100型300毫米轮式火箭炮'
[42/110] ch-6 | 彩虹-6 高空長航時無人機
  OK 彩虹-6无人机 [640, 432]
[43/110] type-093a | 093A型攻擊核潛艇（商級改）
  skip '百度百科——全球领先的中文百科全书'
  skip '百度百科——全球领先的中文百科全书'
  skip '百度百科——全球领先的中文百科全书'
  skip '百度百科——全球领先的中文百科全书'
  FAIL '圣胡安号核动力潜艇'
[44/110] fn-6 | 飛弩-6 便攜防空飛彈
  skip '百度百科——全球领先的中文百科全书'
  skip '百度百科——全球领先的中文百科全书'
  skip '百度百科——全球领先的中文百科全书'
  OK 红缨-6 [1574, 922]
[45/110] fn-16 | 飛弩-16 便攜防空飛彈
  skip '百度百科——全球领先的中文百科全书'
  skip '百度百科——全球领先的中文百科全书'
  skip '百度百科——全球领先的中文百科全书'
  OK FN-16单兵便携式防空导弹武器系统 [1000, 674]
[46/110] yj-18 | 鷹擊-18 反艦飛彈
  skip '百度百科——全球领先的中文百科全书'
  skip '百度百科——全球领先的中文百科全书'
  skip '百度百科——全球领先的中文百科全书'
  skip '百度百科——全球领先的中文百科全书'
  FAIL '百度百科_全球领先的中文百科全书'
[47/110] pl-17 | 霹靂-17 超遠程空對空飛彈
  skip '百度百科——全球领先的中文百科全书'
  skip '百度百科——全球领先的中文百科全书'
  skip '百度百科——全球领先的中文百科全书'
  skip '百度百科——全球领先的中文百科全书'
  FAIL '霹雳-12空空导弹'
[48/110] zbd-03 | 03式空降戰車
  skip '百度百科——全球领先的中文百科全书'
  skip '百度百科——全球领先的中文百科全书'
  skip '百度百科——全球领先的中文百科全书'
  FAIL '空降战车'
[49/110] zsd-89 | 89式裝甲輸送車
  OK ZSD-89装甲输送车 [550, 365]
[50/110] j-11a | 殲-11A 戰鬥機
  skip '百度百科——全球领先的中文百科全书'
  OK 歼-11 [1600, 1067]
[51/110] su-30mk2 | 蘇-30MK2 戰鬥機
  OK 苏-30战斗机 [1024, 768]
[52/110] su-27ubk | 蘇-27UBK 雙座
  OK 苏-27UBK [480, 360]
[53/110] h-6h | 轟-6H 轟炸機
  skip '百度百科——全球领先的中文百科全书'
  OK 轰-6 [1000, 668]
[54/110] j-8f | 殲-8F 攔截機
  OK 歼-8 [1024, 1365]
[55/110] y-9 | 運-9 運輸機
  OK 运-9（中国研发的中型中程运输机） [1024, 768]
[56/110] y-8gx | 運-8特種任務機族
  skip '百度百科——全球领先的中文百科全书'
  OK 运-8 [800, 528]
[57/110] bzk-005 | BZK-005 偵察無人機
  OK BZK-005 [660, 370]
[58/110] qjz-89 | QJZ-89 重機槍
  skip '百度百科——全球领先的中文百科全书'
  OK 89式重机枪（中国研制的重机枪） [686, 430]
[59/110] hq-7 | 紅旗-7 近程防空飛彈
  skip '百度百科——全球领先的中文百科全书'
  OK 红旗-7防空导弹 [1024, 768]
[60/110] cj-20 | 長劍-20 空射巡航飛彈
  skip '百度百科——全球领先的中文百科全书'
  skip '百度百科——全球领先的中文百科全书'
  skip '百度百科——全球领先的中文百科全书'
  skip '百度百科——全球领先的中文百科全书'
  FAIL '长剑防空导弹'
[61/110] fb-6c | FB-6C 便攜／車載防空
  skip '百度百科——全球领先的中文百科全书'
  OK 防空导弹 [470, 376]
[62/110] wing-loong-1 | 翼龍-1 無人機
  OK 翼龙-1 [1600, 1166]
[63/110] hq-22 | 紅旗-22 中遠程防空飛彈
  skip '百度百科——全球领先的中文百科全书'
  skip '百度百科——全球领先的中文百科全书'
  skip '百度百科——全球领先的中文百科全书'
  FAIL '百度百科_全球领先的中文百科全书'
[64/110] pcl-181 | PCL-181 155mm車載加榴砲
  OK SH-15型155毫米车载加榴炮 [640, 330]
[65/110] su-35 | 蘇-35S 戰鬥機
  OK 苏-35战斗机 [640, 407]
[66/110] h-6k | 轟-6K 轟炸機
  OK 轰-6K [640, 424]
[67/110] z-18 | 直-18 運輸直升機
  OK 直-18直升机 [418, 249]
[68/110] sh-15 | SH-15 155mm 車載榴彈砲
  OK SH-15型155毫米车载加榴炮 [640, 330]
[69/110] y-20b | 運-20B改進型
  OK 运-20（中国自主研发的首款大型运输机） [1600, 1067]
[70/110] y-9g | 運-9G 電子戰機
  skip '百度百科——全球领先的中文百科全书'
  OK 运-9（中国研发的中型中程运输机） [1024, 768]
[71/110] gx-1 | 高新1號電子偵察機（運-8CB）
  skip '百度百科——全球领先的中文百科全书'
  skip '谷神星一号'
  FAIL '三星GX-1S'
[72/110] gx-4 | 高新4號心理戰機（運-8XZ）
  skip '百度百科——全球领先的中文百科全书'
  skip '百度百科——全球领先的中文百科全书'
  FAIL '三菱FX2N-4AD'
[73/110] z-21 | 直-21武裝直升機（研發中）
  skip '百度百科——全球领先的中文百科全书'
  skip '百度百科——全球领先的中文百科全书'
  FAIL '直-20战术通用直升机'
[74/110] ch-2 | 彩虹-2無人機
  skip '百度百科——全球领先的中文百科全书'
  skip '百度百科——全球领先的中文百科全书'
  FAIL '彩虹（大气光学现象）'
[75/110] type-81-122 | 81式122毫米火箭炮
  skip '百度百科——全球领先的中文百科全书'
  skip '百度百科——全球领先的中文百科全书'
  OK 81式自动步枪 [365, 482]
[76/110] type-83-273 | 83式273毫米火箭炮
  skip '百度百科——全球领先的中文百科全书'
  skip '百度百科——全球领先的中文百科全书'
  skip '百度百科——全球领先的中文百科全书'
  FAIL '83式152毫米自行加榴炮'
[77/110] type-82-130 | 82式130毫米火箭炮
  skip '百度百科——全球领先的中文百科全书'
  skip '百度百科——全球领先的中文百科全书'
  skip '82式'
  FAIL '82式冲锋枪'
[78/110] ar1-mlrs | AR1／AR1A外銷300毫米火箭炮
  skip '百度百科——全球领先的中文百科全书'
  skip '百度百科——全球领先的中文百科全书'
  FAIL '骁龙 AR1'
[79/110] type-85-122 | 85式122毫米自行火炮
  skip '百度百科——全球领先的中文百科全书'
  skip '百度百科——全球领先的中文百科全书'
  skip '百度百科——全球领先的中文百科全书'
  FAIL '杨式太极拳传统85式'
[80/110] pl-21 | 霹靂-21 衝壓遠程空對空飛彈
  skip '百度百科——全球领先的中文百科全书'
  skip '百度百科——全球领先的中文百科全书'
  FAIL '霹雳-13空空导弹'
[81/110] hj-11 | 紅箭-11 反戰車飛彈
  skip '百度百科——全球领先的中文百科全书'
  skip '百度百科——全球领先的中文百科全书'
  FAIL 'CM-11“勇虎”坦克'
[82/110] df-3 | 東風-3 中程彈道飛彈（歷史）
  skip '百度百科——全球领先的中文百科全书'
  skip '百度百科——全球领先的中文百科全书'
  FAIL '猛士M18-3'
[83/110] df-4 | 東風-4 遠程彈道飛彈（歷史）
  skip '百度百科——全球领先的中文百科全书'
  skip '百度百科——全球领先的中文百科全书'
  FAIL '东风4DD型柴油机车'
[84/110] gb-6 | GB-6 滑翔制導炸彈
  skip '百度百科——全球领先的中文百科全书'
  skip '百度百科——全球领先的中文百科全书'
  FAIL 'GB 2716-2018'
[85/110] ls-500j | 雷石-500J 制導炸彈
  skip '百度百科——全球领先的中文百科全书'
  skip '百度百科——全球领先的中文百科全书'
  FAIL '激光制导炸弹'
[86/110] type-85-sniper | 85式狙擊步槍
  OK 85式狙击步枪 [635, 388]
[87/110] w85-hmg | W85 12.7mm 高射機槍
  skip '百度百科——全球领先的中文百科全书'
  skip '百度百科——全球领先的中文百科全书'
  FAIL '德恩特DTR-W85'
[88/110] fhj-84 | 84式雙管燃燒火箭筒
  skip '百度百科——全球领先的中文百科全书'
  skip '百度百科——全球领先的中文百科全书'
  FAIL '1970年式62mm火箭筒'
[89/110] qlb-06 | 06式半自動榴彈發射器
  skip '百度百科——全球领先的中文百科全书'
  OK QLB-06 [550, 363]
[90/110] type-77-hmg | 77式 12.7mm 高射機槍
  skip '百度百科——全球领先的中文百科全书'
  skip '百度百科——全球领先的中文百科全书'
  skip '百度百科——全球领先的中文百科全书'
  skip '百度安全驗證'
  CAPTCHA stop

R5 ok=48 fail=41 enrich=157 captcha=True
