missing_or_tiny=248 batch=100
20 zbd-08 ['08式轮式步兵战车', 'ZBL-08']
20 zsl-10 ['08式轮式装甲输送车', 'ZSL-10']
20 plz-05 ['PLZ05式自行加榴炮', '05式155毫米自行加榴炮']
20 pcl-171 ['PCL-171', '122毫米车载榴弹炮']
20 phz-11 ['PHZ-11', '11式履带火箭炮']
20 pgz-04a ['04A式25毫米自行高炮', 'PGZ-04A']
20 gcl-111 ['84式坦克架桥车', '坦克架桥车']
20 type-84-minelayer ['84式布雷系统', '履带布雷车']
20 pll-01 ['PLL-01突击炮', '100毫米轮式突击炮']
20 type-19-ifv ['19式步兵战车', 'VN-22']
20 type-096 ['中国下一代战略核潜艇', '096型核潜艇']
20 wz-5 ['无侦-5', '长虹一号无人机']
20 phl-11 ['PHL-11', '11式火箭炮']
20 gsl-131 ['131式扫雷车', '扫雷破障车']
20 type-654-arv ['654式装甲抢救车', '装甲抢救车']
[1/100] zbd-08 | 08式輪式步戰車
  OK ZBL-09步兵战车 [550, 367]
[2/100] zsl-10 | 10式輪式裝甲車
  skip '“拳击手”8×8轮式装甲输送车'
  skip '装甲输送车'
  skip 'BTP-80A型装甲输送车'
  OK BTP-80型轮式装甲输送车 [300, 203]
[3/100] plz-05 | PLZ-05 155mm自走榴彈砲
  OK 自行加榴炮 [1600, 900]
[4/100] pcl-171 | PCL-171 輕型突擊車
  OK 122mm榴弹炮 [554, 416]
[5/100] phz-11 | PHZ-11 122mm多管火箭
  OK SLC11A1基因剪接体在微量元素稳态代谢中的作用及分子机制研究 [1375, 708]
[6/100] pgz-04a | PGZ-04A 自行高砲
  OK 87式25毫米双管高射炮 [500, 377]
[7/100] gcl-111 | GCL-111 架橋車
  skip '84式坦克架桥车'
  OK 架桥坦克 [965, 647]
[8/100] type-84-minelayer | 84式布雷車
  skip 'ГМЗ履带式装甲布雷车'
  OK 布雷车 [590, 392]
[9/100] pll-01 | PLL-01 100mm突擊砲
  OK PTL-02轮式突击炮 [1600, 1200]
[10/100] type-19-ifv | 19式輪式步兵戰車
  OK CV90步兵战车 [800, 600]
[11/100] type-096 | 096型戰略核潛艇（唐級，研發中）
  OK 095型战略导弹核潜艇 [1280, 1501]
[12/100] wz-5 | 無偵-5 高空偵察無人機（舊式）
  OK 无人侦察-5 [1282, 838]
[13/100] phl-11 | PHL-11 122mm 火箭砲
  OK 火箭武器 [1180, 746]
[14/100] gsl-131 | GSL-131 掃雷破障車
  OK 扫雷车 [800, 600]
[15/100] type-654-arv | 654式裝甲搶救車
  OK 装甲抢救车 [500, 362]
[16/100] type-093a | 093A型攻擊核潛艇（商級改）
  OK 093型核潜艇 [445, 505]
[17/100] z-21 | 直-21武裝直升機（研發中）
  OK 直-20舰载型直升机 [1024, 683]
[18/100] ch-2 | 彩虹-2無人機
  skip '中国无人机'
  OK AR-2C空地导弹 [1319, 539]
[19/100] type-81-122 | 81式122毫米火箭炮
  OK 81式火箭炮 [550, 378]
[20/100] type-83-273 | 83式273毫米火箭炮
  OK WM-80式273毫米火箭炮系统 [570, 416]
[21/100] type-82-130 | 82式130毫米火箭炮
  OK 82式130mm轮式自行火箭炮 [576, 368]
[22/100] type-85-122 | 85式122毫米自行火炮
  OK 122毫米自行榴弹炮 [550, 412]
[23/100] fn-6 | 飛弩-6 便攜防空飛彈
  OK 飞弩-6单兵便携式防空导弹 [416, 318]
[24/100] pp-89 | PP-89 100mm迫擊砲
  OK 重型迫击炮 [500, 332]
[25/100] qlg-10 | QLG-10 槍榴彈發射器
  OK 35毫米榴弹发射器 [1065, 567]
[26/100] pl-17 | 霹靂-17 超遠程空對空飛彈
  OK 反飞机导弹 [1157, 709]
[27/100] yu-6 | 魚-6 重型魚雷
  OK 鱼雷（鱼雷） [1600, 900]
[28/100] yu-7 | 魚-7 輕型魚雷
  skip '电动力鱼雷'
  OK 潜射鱼雷 [1120, 800]
[29/100] cx-1 | CX-1 超音速反艦飛彈（出口）
  OK CX-1巡航导弹 [600, 450]
[30/100] cm-401 | CM-401 反艦彈道飛彈（出口展示）
  skip 'Panasonic CM401-M'
  skip '401快干胶水'
  OK Panasonic DT401-MF [812, 836]
[31/100] df-27 | 東風-27 彈道飛彈
  OK 东风-2弹道导弹 [800, 600]
[32/100] pl-9 | 霹靂-9 近距空對空飛彈
  OK 霹雳9型空空导弹 [1600, 900]
[33/100] pl-21 | 霹靂-21 衝壓遠程空對空飛彈
  OK 霹雳8近距空空导弹 [1288, 812]
[34/100] hj-11 | 紅箭-11 反戰車飛彈
  OK ZDF89式履带式反坦克导弹发射车 [590, 343]
[35/100] df-3 | 東風-3 中程彈道飛彈（歷史）
  OK 东风-3弹道导弹 [580, 702]
[36/100] df-4 | 東風-4 遠程彈道飛彈（歷史）
  OK 东风-4弹道导弹 [216, 216]
[37/100] df-21c | 東風-21C 中程彈道飛彈
  skip '东风-21弹道导弹'
  OK 东风导弹 [480, 328]
[38/100] gb-6 | GB-6 滑翔制導炸彈
  OK 智能炸弹（一种用于空中打击的智能弹药） [535, 605]
[39/100] ls-500j | 雷石-500J 制導炸彈
  OK 雷石6滑翔制导炸弹 [950, 580]
[40/100] w85-hmg | W85 12.7mm 高射機槍
  OK QJC-88式12.7mm车装机枪 [580, 370]
[41/100] fhj-84 | 84式雙管燃燒火箭筒
  OK FHJ84式62MM单兵火箭筒 [1017, 442]
[42/100] type-77-hmg | 77式 12.7mm 高射機槍
  OK 77式高射机枪 [580, 538]
[43/100] df-15a | 東風-15A近程彈道導彈
  skip '东风-11短程弹道导弹'
  OK 东风-5弹道导弹 [638, 442]
[44/100] zbd-03 | 03式空降戰車
  skip 'BMD一3型空降战车'
  skip 'BMD-4空降战车'
  OK 空降战车 [1600, 959]
[45/100] asn-209 | ASN-209 偵察無人機
  OK SKF SNL209轴承 [1000, 620]
[46/100] cj-20 | 長劍-20 空射巡航飛彈
  OK 长剑-20A导弹 [1600, 1015]
[47/100] yj-18 | 鷹擊-18 反艦飛彈
  OK 鹰击-18A [899, 627]
[48/100] ba-9 | 藍箭-9 空射反戰車飛彈
  OK SKF BA9轴承 [966, 420]
[49/100] jy-27 | 警戒-27 對空情報雷達
  OK JY-27雷达 [481, 634]
[50/100] ylc-8b | YLC-8B 反隱形雷達
  OK YLC-8E型UHF波段三坐标警戒雷达 [550, 525]
[51/100] slc-2 | SLC-2 砲兵定位雷達
  OK 炮位侦察雷达 [889, 500]
[52/100] jyl-1 | JYL-1 三坐標對空雷達
  OK JYL-1雷达 [375, 428]
[53/100] hq-22 | 紅旗-22 中遠程防空飛彈
  OK 红旗2号地空导弹 [1000, 750]
[54/100] pcl-181 | PCL-181 155mm車載加榴砲
  OK SH-15型155毫米车载加榴炮 [640, 330]
[55/100] su-35 | 蘇-35S 戰鬥機
  OK 苏-35战斗机 [640, 407]
[56/100] h-6k | 轟-6K 轟炸機
  OK 轰-6K [640, 424]
[57/100] z-18 | 直-18 運輸直升機
  OK 直-18F [640, 384]
[58/100] sh-15 | SH-15 155mm 車載榴彈砲
  OK SH-15型155毫米车载加榴炮 [640, 330]
[59/100] asn-301 | ASN-301 反輻射無人機
  OK 哈比无人机 [600, 800]
[60/100] ws-43 | WS-43 巡飛彈
  OK WS-43巡飞弹 [640, 360]
[61/100] gj-1 | 攻擊-1 察打無人機
  OK 察打一体无人机 [600, 387]
[62/100] yj-82 | 鷹擊-82 潛射反艦飛彈
  OK 巡航导弹（以巡航状态在大气层内飞行的导弹） [621, 491]
[63/100] c-704 | C-704 反艦飛彈
  OK C-705型反舰导弹 [300, 200]
[64/100] hhq-16bc | 海紅旗-16B/C 艦空飛彈
  OK 红旗-16B [640, 360]
[65/100] hhq-9b | 海紅旗-9B 艦空飛彈
  skip '百度百科——全球领先的中文百科全书'
  skip '百度百科——全球领先的中文百科全书'
  OK 海红旗-9B导弹 [900, 600]
[66/100] kd-63 | 空地-63導彈
  OK 防区外对外导弹 [500, 375]
[67/100] kd-20 | 空地-20巡航導彈
  OK AS-3空地导弹 [391, 285]
[68/100] ar-1 | AR-1 空地導彈（無人機掛彈）
  OK AR-1空地导弹 [550, 365]
[69/100] df-5a | 東風-5A洲際彈道導彈
  OK 东风-5弹道导弹 [638, 442]
[70/100] df-12 | 東風-12／M20近程彈道導彈
  skip '东风-11短程弹道导弹'
  OK 东风-17导弹 [1600, 1094]
[71/100] df-15c | 東風-15C鑽地彈道導彈
  OK 东风-15C型导弹 [550, 364]
[72/100] cj-10a | 長劍-10A巡航導彈
  OK 长剑-10巡航导弹 [640, 360]
[73/100] hn-1 | 紅鳥-1巡航導彈
  OK q/hn-1-0000.08.033—2015 联合循环发电厂节能监督标准 [827, 890]
[74/100] hn-2 | 紅鳥-2巡航導彈
  OK 尼克尔28mmf/2.8 [280, 210]
[75/100] hn-3 | 紅鳥-3巡航導彈
  OK 尼康HN-3 [1600, 900]
[76/100] cm-400akg | CM-400AKG高超音速空射導彈
  OK CM-400AKG空地导弹 [719, 481]
[77/100] bp-12a | BP-12A外銷近程彈道導彈
  skip '东风-11短程弹道导弹'
  skip '3M-54巡航导弹'
  OK 红旗-9防空导弹 [500, 334]
[78/100] b611 | B611／B611M近程導彈
  OK B-611导弹 [900, 600]
[79/100] type-54-122 | 54式122毫米榴彈炮
  OK 54式122毫米榴弹炮 [640, 480]
[80/100] type-60-122 | 60式122毫米加農炮
  OK 60式122毫米加农炮 [519, 300]
[81/100] type-59-130 | 59式130毫米加農炮
  OK 59式130毫米加农炮 [600, 383]
[82/100] type-86-122 | 86式122毫米榴彈炮
  OK 86式122毫米榴弹炮 [550, 344]
[83/100] type-83-152-towed | 83式152毫米加榴炮（牽引）
  OK 自行加榴炮 [1600, 900]
[84/100] pll-01-155 | 01式155毫米加榴炮
  OK 中国PLL01型155毫米牵引式加农榴弹炮 [582, 406]
[85/100] type-67-82 | 67式82毫米迫擊炮
  OK 67式82毫米迫击炮 [500, 438]
[86/100] type-87-82 | 87式82毫米迫擊炮
  OK PP87式82毫米迫击炮智能瞄准镜 [300, 407]
[87/100] type-64-120 | 64式120毫米迫擊炮
  OK 64式120毫米迫击炮 [510, 477]
[88/100] type-56-160 | 56式160毫米迫擊炮
  skip '百度安全驗證'
  skip '百度安全驗證'
  skip '百度安全驗證'
  skip '百度安全驗證'
  skip '百度安全驗證'
  skip '百度安全驗證'
  skip '百度安全驗證'
  skip '百度安全驗證'
  skip '百度安全驗證'
  skip '百度安全驗證'
  skip '百度安全驗證'
  skip '百度安全驗證'
  OK 56式160毫米迫击炮 [507, 414]
[89/100] type-75-145 | 75式14.5毫米高射機槍
  skip '百度安全驗證'
  OK 75式14.5毫米高射机枪 [977, 655]
[90/100] type-85-23 | 85式23毫米高射炮
  skip '百度安全驗證'
  skip '百度百科——全球领先的中文百科全书'
  skip '百度安全驗證'
  skip '百度百科——全球领先的中文百科全书'
  CAPTCHA stop

R6 ok=89 fail=0 enrich=230 captcha=True
