missing_or_tiny=211 batch=95
24 zbd-03 ['ZBD-03', '03式空降步兵战车']
24 zbd-08 ['ZBL08轮式步兵战车', '中国08式轮式步兵战车']
24 zsl-10 ['ZSL10装甲输送车', '08式轮式装甲人员输送车']
24 plz-05 ['PLZ-05', '中国05式155毫米自行加榴炮']
24 pcl-171 ['PCL171', 'PCL-171车载榴弹炮']
24 phz-11 ['PHZ11', 'PHZ-11火箭炮系统']
24 pgz-04a ['PGZ-04A', '04A式自行高炮系统']
24 asn-209 ['ASN-209无人机', 'ASN209无人侦察机']
24 gcl-111 ['84式坦克架桥车', 'GCL-111架桥车']
24 type-84-minelayer ['84式布雷车', '火箭布雷系统']
24 pll-01 ['PLL01轮式突击炮', '100毫米突击炮']
24 type-19-ifv ['VN22步兵战车', '19式轮式步兵战车']
24 ch-2 ['彩虹-2无人机', 'CH-2察打无人机']
23 pp-89 ['89式100毫米迫击炮', '100毫米迫击炮']
23 qlg-10 ['QLG10', 'QLG-10枪挂榴弹发射器']
[1/95] zbd-03 | 03式空降戰車
  OK ZBD-03空降战车 [1280, 880]
[2/95] zbd-08 | 08式輪式步戰車
  skip '百度百科——全球领先的中文百科全书'
  skip '百度百科——全球领先的中文百科全书'
  skip '百度百科——全球领先的中文百科全书'
  skip '百度百科——全球领先的中文百科全书'
  skip '百度百科——全球领先的中文百科全书'
  skip '百度百科——全球领先的中文百科全书'
  skip '百度百科——全球领先的中文百科全书'
  skip '百度百科——全球领先的中文百科全书'
  skip '百度百科——全球领先的中文百科全书'
  skip '百度百科——全球领先的中文百科全书'
  skip 'ZBL-09步兵战车'
  skip 'ZBL-09步兵战车'
  FAIL 'ZBD-08步兵战车'
[3/95] zsl-10 | 10式輪式裝甲車
  OK AMX-10RC轮式侦察车 [590, 355]
[4/95] plz-05 | PLZ-05 155mm自走榴彈砲
  skip 'PLZ-05自行榴弹炮'
  OK 05A式155毫米加榴炮 [1201, 797]
[5/95] pcl-171 | PCL-171 輕型突擊車
  skip '百度百科——全球领先的中文百科全书'
  skip '百度百科——全球领先的中文百科全书'
  skip '百度百科——全球领先的中文百科全书'
  skip '百度百科——全球领先的中文百科全书'
  skip '百度百科——全球领先的中文百科全书'
  skip '百度百科——全球领先的中文百科全书'
  skip '百度百科——全球领先的中文百科全书'
  skip '百度百科——全球领先的中文百科全书'
  skip '122mm榴弹炮'
  skip '122mm榴弹炮'
  FAIL '百度百科_全球领先的中文百科全书'
[6/95] phz-11 | PHZ-11 122mm多管火箭
  OK 89式122毫米40管履带式火箭炮 [480, 338]
[7/95] pgz-04a | PGZ-04A 自行高砲
  OK PGZ-88式双管37毫米自行高炮 [570, 400]
[8/95] asn-209 | ASN-209 偵察無人機
  skip 'SKF SNL209轴承'
  skip '百度百科——全球领先的中文百科全书'
  skip '百度百科——全球领先的中文百科全书'
  skip '百度百科——全球领先的中文百科全书'
  skip '百度百科——全球领先的中文百科全书'
  skip '百度百科——全球领先的中文百科全书'
  skip '百度百科——全球领先的中文百科全书'
  skip '百度百科——全球领先的中文百科全书'
  skip '百度百科——全球领先的中文百科全书'
  skip '百度百科——全球领先的中文百科全书'
  skip '百度百科——全球领先的中文百科全书'
  FAIL '百度百科_全球领先的中文百科全书'
[9/95] gcl-111 | GCL-111 架橋車
  skip '84式坦克架桥车'
  skip '架桥坦克'
  OK 装甲架桥车 [965, 647]
[10/95] type-84-minelayer | 84式布雷車
  OK 84式24管火箭布雷车 [1600, 900]
[11/95] pll-01 | PLL-01 100mm突擊砲
  OK PTL-02轮式突击炮 [1600, 1200]
[12/95] type-19-ifv | 19式輪式步兵戰車
  OK VN22轮式装甲车 [922, 613]
[13/95] ch-2 | 彩虹-2無人機
  skip '中国无人机'
  OK AR-2C空地导弹 [1319, 539]
[14/95] pp-89 | PP-89 100mm迫擊砲
  OK 89式60毫米迫击炮 [500, 400]
[15/95] qlg-10 | QLG-10 槍榴彈發射器
  skip '35毫米榴弹发射器'
  skip '91式35mm榴弹发射器'
  skip '91B枪挂榴弹发射器'
  skip '百度百科——全球领先的中文百科全书'
  skip '百度百科——全球领先的中文百科全书'
  skip '百度百科——全球领先的中文百科全书'
  skip '百度百科——全球领先的中文百科全书'
  skip '百度百科——全球领先的中文百科全书'
  skip '百度百科——全球领先的中文百科全书'
  skip '百度百科——全球领先的中文百科全书'
  skip '百度百科——全球领先的中文百科全书'
  skip '35毫米榴弹发射器'
  skip '35毫米榴弹发射器'
  FAIL '91B枪挂榴弹发射器'
[16/95] pl-17 | 霹靂-17 超遠程空對空飛彈
  OK 霹雳-7空空导弹 [648, 401]
[17/95] cm-401 | CM-401 反艦彈道飛彈（出口展示）
  OK CM401反舰导弹 [1125, 1035]
[18/95] ba-9 | 藍箭-9 空射反戰車飛彈
  OK 英国航空9号班机事故 [1600, 1200]
[19/95] df-27 | 東風-27 彈道飛彈
  OK 高超音速导弹 [640, 344]
[20/95] pl-21 | 霹靂-21 衝壓遠程空對空飛彈
  OK 空空导弹 [900, 623]
[21/95] df-21c | 東風-21C 中程彈道飛彈
  skip '东风-21弹道导弹'
  OK 东风导弹 [480, 328]
[22/95] gb-6 | GB-6 滑翔制導炸彈
  OK 智能炸弹（一种用于空中打击的智能弹药） [535, 605]
[23/95] df-15a | 東風-15A近程彈道導彈
  OK 东风-16弹道导弹 [760, 507]
[24/95] hq-22 | 紅旗-22 中遠程防空飛彈
  OK 红旗-22防空导弹 [1150, 559]
[25/95] fb-6c | FB-6C 便攜／車載防空
  skip '百度百科——全球领先的中文百科全书'
  skip '百度百科——全球领先的中文百科全书'
  skip '百度百科——全球领先的中文百科全书'
  skip '百度百科——全球领先的中文百科全书'
  skip '百度百科——全球领先的中文百科全书'
  skip '百度百科——全球领先的中文百科全书'
  skip '防空导弹'
  skip '防空导弹'
  FAIL '飞弩-6单兵便携式防空导弹'
[26/95] pcz-171 | PCZ-171 突擊車變型
  skip '11式轮式装甲突击车'
  OK 战术突击车 [950, 557]
[27/95] type-91b-gl | 91B式槍榴彈
  skip '91式35mm榴弹发射器'
  skip '35毫米榴弹发射器'
  skip '91B枪挂榴弹发射器'
  OK LG2枪挂式榴弹发射器 [743, 431]
[28/95] gcj-112 | GCJ 工程車系列
  OK 装甲工程车 [400, 262]
[29/95] qgf-11 | QGF-11 頭盔
  OK 战术头盔 [475, 475]
[30/95] cs-sm1 | CS/SM1 120mm迫擊砲系統
  skip '自行迫击炮'
  OK M120 120毫米重型迫击炮 [450, 550]
[31/95] slc-7 | SLC-7 對空監視雷達
  OK 609情报雷达 [1600, 900]
[32/95] type-120-radar | 305A／120 型低空補盲雷達
  OK JYL-1雷达 [375, 428]
[33/95] dwl-002 | DWL-002 被動偵測系統
  OK DWL002雷达 [1600, 900]
[34/95] kq-200 | 空潛-200 反潛機
  OK 空潜200大型反潜巡逻机 [1108, 651]
[35/95] y-9jz | 運-9JZ 電子偵察機
  OK 运-9电子侦察机 [1163, 654]
[36/95] y-5 | 運-5 輕型運輸機
  OK 运-5运输机 [960, 633]
[37/95] type-052dl | 052DL型驅逐艦
  OK 焦作舰 [870, 767]
[38/95] type-051b | 051B型驅逐艦
  OK 051B型驱逐舰 [586, 1006]
[39/95] type-093 | 093型攻擊核潛艦
  OK 093型核潜艇 [445, 505]
[40/95] kilo | 基洛級潛艦
  OK 基洛级潜艇 [414, 862]
[41/95] sr5 | SR-5 模組火箭系統
  OK 中国SR-5式多管自行火箭炮 [400, 300]
[42/95] yj-12b | 鷹擊-12B 岸艦飛彈
  OK 超音速反舰导弹 [735, 447]
[43/95] type-07-uniform | 07式軍服／迷彩
  OK 中国人民解放军2007式军服 [960, 633]
[44/95] pcl-181 | PCL-181 155mm車載加榴砲
  OK 红牌H-SH-15G01B [1600, 900]
[45/95] su-35 | 蘇-35S 戰鬥機
  OK 苏-35战斗机 [640, 407]
[46/95] su-27ubk | 蘇-27UBK 雙座
  OK 苏-27UBK [480, 360]
[47/95] h-6k | 轟-6K 轟炸機
  OK 轰-6K [640, 424]
[48/95] type-85-23 | 85式23毫米高射炮
  OK PG87式高炮 [450, 424]
[49/95] type-87-25 | 87式25毫米高射炮
  OK PG87式高炮 [450, 424]
[50/95] type-59-100aa | 59式100毫米高射炮
  OK 中国59式100毫米高射炮 [550, 413]
[51/95] pgz-07 | 07式35毫米自行高炮
  OK 09式35毫米履带自行高炮 [660, 370]
[52/95] type-90-35aa | 90式35毫米牽引高炮
  OK 防空高射炮 [630, 440]
[53/95] type-68-rifle | 68式自動步槍
  skip 'Pz-68主战坦克'
  OK Pz61/68主战坦克 [340, 350]
[54/95] qbz-192 | 192式短突擊步槍
  skip '191式自动步枪'
  OK QBZ192-狐影 [511, 478]
[55/95] js-9-smg | JS 9毫米衝鋒槍
  skip '百度百科——全球领先的中文百科全书'
  skip '百度百科——全球领先的中文百科全书'
  FAIL '百度百科_全球领先的中文百科全书'
[56/95] qjs-161 | 161式班用機槍
  skip '百度百科——全球领先的中文百科全书'
  skip '百度百科——全球领先的中文百科全书'
  skip '百度百科——全球领先的中文百科全书'
  skip '百度百科——全球领先的中文百科全书'
  FAIL '百度百科_全球领先的中文百科全书'
[57/95] type-85-hmg | 85式12.7毫米高射機槍
  OK 85式高射机枪 [1561, 1050]
[58/95] qbu-141 | 141式狙擊步槍
  OK Kilo141 [1600, 600]
[59/95] qbu-202 | 202式狙擊步槍
  skip '百度百科——全球领先的中文百科全书'
  skip '百度百科——全球领先的中文百科全书'
  skip '百度百科——全球领先的中文百科全书'
  skip '百度百科——全球领先的中文百科全书'
  FAIL '狙击步枪系统'
[60/95] cs-lr4 | CS/LR4狙擊步槍
  OK CS LR4狙击步枪 [640, 427]
[61/95] cs-lr3 | CS/LR3狙擊步槍
  OK CS/LR3狙击步枪 [550, 420]
[62/95] m99-amr | M99反器材步槍
  OK 美国M99狙击步枪 [780, 585]
[63/95] qsz-92g | 92G式手槍
  OK 92式手枪（中国军用手枪） [1600, 1066]
[64/95] qx-04 | QX-04手槍
  skip '百度百科——全球领先的中文百科全书'
  skip '百度百科——全球领先的中文百科全书'
  skip '百度百科——全球领先的中文百科全书'
  skip '百度百科——全球领先的中文百科全书'
  FAIL '百度百科_全球领先的中文百科全书'
[65/95] pf-97 | 97式雲爆火箭筒
  skip 'PF97式93毫米单兵云爆火箭'
  OK 火箭筒（便携式反坦克武器） [670, 436]
[66/95] type-63-60 | 63式60毫米迫擊炮
  skip '63式60毫米迫击炮'
  OK 中国63-1式60毫米迫击炮 [440, 326]
[67/95] type-90-60 | 90式60毫米迫擊炮
  OK 90式60毫米迫击炮 [550, 575]
[68/95] zzc-command | 裝甲指揮通信車
  OK 装甲通信车 [590, 443]
[69/95] field-fuel-truck | 野戰油罐車
  skip '百度百科——全球领先的中文百科全书'
  skip '百度百科——全球领先的中文百科全书'
  FAIL '百度百科_全球领先的中文百科全书'
[70/95] zubr | 野牛級氣墊登陸艇（1232.2）
  OK 欧洲野牛级气垫登陆舰 [800, 531]
[71/95] wing-loong-1d | 翼龍-1D無人機
  OK 翼龙-1 [1600, 1166]
[72/95] wing-loong-3 | 翼龍-3無人機
  OK 翼龙-3无人机 [640, 357]
[73/95] jari-usv | JARI無人作戰艇
  OK JARI-USV多用途无人作战艇 [600, 401]
[74/95] bbg011a | BBG011A 夜視儀
  skip '百度百科——全球领先的中文百科全书'
  skip '百度百科——全球领先的中文百科全书'
  skip '百度百科——全球领先的中文百科全书'
  skip '百度百科——全球领先的中文百科全书'
  FAIL '百度百科_全球领先的中文百科全书'
[75/95] ft-series | 飛騰系列精確炸彈
  skip '百度百科——全球领先的中文百科全书'
  skip '百度百科——全球领先的中文百科全书'
  FAIL '百度百科_全球领先的中文百科全书'
[76/95] gb-series | GB系列精確炸彈
  OK 智能炸弹（一种用于空中打击的智能弹药） [535, 605]
[77/95] type-06-armor | 06式防彈衣
  OK 抗弹背心 [541, 357]
[78/95] qgf-02 | QGF-02 頭盔
  skip '百度安全驗證'
  skip '百度安全驗證'
  skip '百度安全驗證'
  skip '百度安全驗證'
  skip '百度安全驗證'
  skip '百度安全驗證'
  skip '百度百科——全球领先的中文百科全书'
  skip '百度安全驗證'
  skip '百度百科——全球领先的中文百科全书'
  skip '百度安全驗證'
  skip '百度安全驗證'
  FAIL '百度安全驗證'
[79/95] rif-m | 裡夫-M 艦空飛彈系統
  skip '百度安全驗證'
  skip '百度百科——全球领先的中文百科全书'
  FAIL '百度百科_全球领先的中文百科全书'
[80/95] shtil | 施基利 艦空飛彈系統
  skip '百度安全驗證'
  skip '百度百科——全球领先的中文百科全书'
  FAIL '百度百科_全球领先的中文百科全书'
[81/95] type-346 | 346型有源相控陣雷達（龍眼）
  skip '百度安全驗證'
  skip '百度安全驗證'
  skip '百度安全驗證'
  skip '百度安全驗證'
  skip '百度安全驗證'
  skip '百度安全驗證'
  skip '百度安全驗證'
  skip '百度安全驗證'
  skip '百度安全驗證'
  skip '百度百科——全球领先的中文百科全书'
  skip '百度安全驗證'
  skip '百度百科——全球领先的中文百科全书'
  skip '百度安全驗證'
  skip '百度百科——全球领先的中文百科全书'
  skip '百度安全驗證'
  skip '百度安全驗證'
  skip '百度安全驗證'
  skip '百度安全驗證'
  FAIL '百度安全驗證'
[82/95] type-346a | 346A型相控陣雷達
  skip '百度安全驗證'
  skip '百度百科——全球领先的中文百科全书'
  skip '百度安全驗證'
  skip '百度百科——全球领先的中文百科全书'
  skip '百度安全驗證'
  skip '百度百科——全球领先的中文百科全书'
  skip '百度安全驗證'
  FAIL '百度安全驗證'
[83/95] type-346b | 346B型大型相控陣雷達
  skip '百度安全驗證'
  skip '百度安全驗證'
  skip '百度百科——全球领先的中文百科全书'
  skip '百度安全驗證'
  skip '百度百科——全球领先的中文百科全书'
  skip '百度安全驗證'
  skip '百度百科——全球领先的中文百科全书'
  skip '百度安全驗證'
  FAIL '百度安全驗證'
[84/95] df-zf | 東風乘波體高超音速滑翔器（DF-ZF）
  skip '百度安全驗證'
  skip '百度百科——全球领先的中文百科全书'
  FAIL '百度百科_全球领先的中文百科全书'
[85/95] jy-8 | JY-8對空情報雷達
  skip '百度安全驗證'
  skip '百度百科——全球领先的中文百科全书'
  skip '百度安全驗證'
  skip '百度百科——全球领先的中文百科全书'
  skip '百度安全驗證'
  FAIL '百度安全驗證'
[86/95] jy-9 | JY-9低空補盲雷達
  skip '百度安全驗證'
  skip '百度安全驗證'
  skip '百度百科——全球领先的中文百科全书'
  skip '百度安全驗證'
  skip '百度百科——全球领先的中文百科全书'
  skip '百度安全驗證'
  skip '百度安全驗證'
  FAIL '百度安全驗證'
[87/95] jy-11 | JY-11對空搜索雷達
  skip '百度安全驗證'
  skip '百度安全驗證'
  skip '百度安全驗證'
  skip '百度安全驗證'
  skip '百度安全驗證'
  skip '百度百科——全球领先的中文百科全书'
  skip '百度安全驗證'
  skip '百度百科——全球领先的中文百科全书'
  skip '百度安全驗證'
  skip '百度安全驗證'
  skip '百度安全驗證'
  FAIL '百度安全驗證'
[88/95] jy-14 | JY-14遠程對空雷達
  skip '百度安全驗證'
  skip '百度安全驗證'
  skip '百度安全驗證'
  skip '百度百科——全球领先的中文百科全书'
  skip '百度安全驗證'
  skip '百度百科——全球领先的中文百科全书'
  skip '百度安全驗證'
  skip '百度安全驗證'
  FAIL '百度安全驗證'
[89/95] jy-27a | JY-27A反隱身米波雷達
  skip '百度安全驗證'
  skip '百度百科——全球领先的中文百科全书'
  skip '百度安全驗證'
  skip '百度百科——全球领先的中文百科全书'
  skip '百度安全驗證'
  FAIL '百度安全驗證'
[90/95] jy-26 | JY-26反隱身預警雷達
  skip '百度安全驗證'
  skip '百度安全驗證'
  skip '百度百科——全球领先的中文百科全书'
  skip '百度安全驗證'
  skip '百度百科——全球领先的中文百科全书'
  skip '百度安全驗證'
  skip '百度安全驗證'
  FAIL '百度安全驗證'
[91/95] ylc-2 | YLC-2三坐標雷達
  skip '百度安全驗證'
  skip '百度安全驗證'
  skip '百度安全驗證'
  skip '百度安全驗證'
  skip '百度百科——全球领先的中文百科全书'
  skip '百度安全驗證'
  skip '百度百科——全球领先的中文百科全书'
  skip '百度安全驗證'
  skip '百度安全驗證'
  skip '百度安全驗證'
  skip '百度安全驗證'
  FAIL '百度安全驗證'
[92/95] ylc-4 | YLC-4遠程警戒雷達
  skip '百度安全驗證'
  skip '百度安全驗證'
  skip '百度百科——全球领先的中文百科全书'
  skip '百度安全驗證'
  skip '百度百科——全球领先的中文百科全书'
  skip '百度百科_全球领先的中文百科全书'
  skip '百度百科_全球领先的中文百科全书'
  FAIL '百度百科_全球领先的中文百科全书'
[93/95] ylc-6 | YLC-6低空雷達
  skip '百度安全驗證'
  skip '百度百科——全球领先的中文百科全书'
  skip '百度安全驗證'
  skip '百度百科——全球领先的中文百科全书'
  skip '百度百科_全球领先的中文百科全书'
  skip '百度百科_全球领先的中文百科全书'
  FAIL '百度百科_全球领先的中文百科全书'
[94/95] ylc-8 | YLC-8米波雷達
  skip '百度安全驗證'
  skip '百度安全驗證'
  skip '百度安全驗證'
  skip '百度百科——全球领先的中文百科全书'
  skip '百度安全驗證'
  skip '百度百科——全球领先的中文百科全书'
  skip '百度安全驗證'
  skip '百度安全驗證'
  FAIL '百度安全驗證'
[95/95] ylc-18 | YLC-18三坐標雷達
  skip '百度安全驗證'
  skip '百度安全驗證'
  skip '百度安全驗證'
  skip '百度百科——全球领先的中文百科全书'
  skip '百度安全驗證'
  skip '百度百科——全球领先的中文百科全书'
  CAPTCHA stop

R7 ok=65 fail=29 enrich=246 captcha=True
