=== Commons 搜尋抓圖：目標 20 筆 ===
[1/20] ✓ qbu-88 ← Qbu-88-0.jpg
[2/20] ✓ qjy-201 ← QJY-201Zhuhai.jpg
[3/20] ✓ qjz-171 ← QJZ171 heavy machine gun mod noBG.jpg
[5/20] ✓ pp-87 ← PP-87 Mianwali-III (2023).svg
[6/20] ✓ pp-89 ← PP-89 Bhakkar-I (2023).svg
[7/20] ✓ w86-120 ← W86-2.png
[10/20] ✓ type-91b-gl ← Springweg 91B Utrecht.jpg
[11/20] ✓ ztz-88 ← Type 88 tanks 01.jpg
[12/20] ✓ type-59d ← Type 59D tank 20180219.jpg
[16/20] ✓ pll-05 ← PLL-05 Self-propelled gun-mortar 202307.jpg
[19/20] ✓ pcl-171 ← Ministry of Defence Series 1404 sheet 171-C Birmingham, publ
=== 完成 ok=11 無合格圖=9 錯誤=0 累計=11 ===
=== Commons 搜尋抓圖：目標 406 筆 ===
  ✗非中國相關 type-91b-gl: Springweg 91B Utrecht.jpg
  ✗非中國相關 phl-81: Type 81 MLRS on Hongyan OQ261 chassis.jpg
  ✗非中國相關 phl-81: Type 81 MLRS on Hongyan OQ261 chassis.jpg
  ✗非中國相關 phl-81: Type 81 MLRS on Hongyan OQ261 chassis.jpg
  ✗非中國相關 ld-2000: Alfa Romeo Spider 2000, LN-LD-15 (51331766436).jpg
[26/406] ✓ mengshi ← Dongfeng EQ2050 Xiamen 01 2019-10-25.jpg
  ✗非中國相關 j-11bg: B-17Fs 26BS 11BG 1942.jpg
  ✗非中國相關 j-11bg: B-17Fs 26BS 11BG 1942.jpg
  ✗非中國相關 su-27ubk: Su-27UBK number 8521 Jan-2014.jpg
  ✗非中國相關 su-27ubk: Su-27UBK number 8521 Jan-2014.jpg
[29/406] ✓ kj-600 ← KJ-600 folding.jpg
[30/406] ✓ z-11 ← Changhe Z-11WB, Zhuhai-Jinwan 4th November 2016 (31829381252
  ✗非中國相關 tb-001: TB-001 over the East China Sea (cropped).jpg
[32/406] ✓ bzk-005 ← BZK-005, 20220804.jpg
  ✗非中國相關 asn-209: US Navy 070730-N-7676W-209 Assistant Secretary of 
  ✗非中國相關 ch-7: CH-7 Compress Aerovíkend 2010 air show (Museum of 
[35/406] ✓ wj-700 ← 中国航展：WJ-700无人机系统亮相 最高飞行高度1.5万米2.png
[36/406] ✓ df-16 ← DF-16 Ballistic Missile 20170919.jpg
  ✗非中國相關 df-100: ONCF DF 100 near Taourirt.jpg
  ✗非中國相關 df-100: RO CJ Ciuleni 100.jpg
  ✗非中國相關 pl-17: Wild flowers (Pl. 17) BHL21587205.jpg
  ✗非中國相關 pl-17: Panhard PL 17 L1.jpg
  ✗非中國相關 type-003: At Santa Cruz 2021 003.jpg
[42/406] ✓ type-003 ← Chinese aircraft carrier Fujian flight deck.jpg
  ✗非中國相關 type-055: Bardo(js)055.jpg
  ✗非中國相關 type-055: Panhard & Levassor Type X5 at Cité de l'Automobile
[44/406] ✓ type-052d ← Type-052D destroyer Jiaozuo 焦作 (163) during a visit to Saint
  ✗非中國相關 sovremenny: A port view of the Soviet Sovremenny class destroy
  ✗非中國相關 type-054b: Kleine gedigten voor kinderen - KW 2220 G 15 - 054
[48/406] ✓ type-056a ← Type 056A light frigate Jingmen(667).jpg
  ✗非中國相關 type-056: Type 056 corvette anti-ship missiles.jpg
[49/406] ✓ type-056 ← Type 056 corvette ？.jpg
[50/406] ✓ type-726 ← Glenlui (ship, 1880) - SLV H99.220-726.jpg
  ✗非中國相關 type-093: Stahls Automotive Collection December 2021 093 (Bu
  ✗非中國相關 type-093b: Nude woman ascending stairs (rbm-QP301M8-1887-093b
  ✗非中國相關 type-035: Type 035 Submarine Great Wall-175.jpg
  ✗非中國相關 type-035: Type 035 Submarine Great Wall-175.jpg
  ✗非中國相關 type-035: Type 035 Submarine Great Wall-175.jpg
  ✗非中國相關 type-004-rumor: Ships on the River IJ in front of the Tollhouse ne
  ✗非中國相關 type-004-rumor: Delahaye Type 32 004.JPG
  ✗非中國相關 yu-6: Zhui Yu 6.jpg
  ✗非中國相關 yu-7: Zhui Yu 7.jpg
  ✗非中國相關 bbg011a: BBG011A.jpg
  ✗非中國相關 type-84-minelayer: Type 84 (8342343646).jpg
[64/406] ✓ type-63a ← Type 63A Amphibious tank 20131004.JPG
  ✗非中國相關 type-83-sph: 1927 Échelle sur porteur Delahaye-Magirus type 83-
  ✗非中國相關 a100: Astra Rocket 3.0 flight 1 launch campaign 100.png
  ✗非中國相關 a100: Leichtathletik WM 2013 Moskau 100 m Vorlauf.jpg
  ✗非中國相關 a100: SANDF Armed Forces Day 2017 - South African Army S
  ✗非中國相關 sr5: Sr-5 MLRS.png
  ✗非中國相關 cx-1: Citroën CX 1.jpg
  ✗非中國相關 cm-401: Inauguración de la renovación de la carretera CM-4
  ✗非中國相關 cm-401: Inauguración de la renovación de la carretera CM-4
[74/406] ✓ ba-9 ← BA-9 soviet armoured car.jpg
  ✗非中國相關 ft-series: Foton-Wuxing FT-Series (FT200ZH) motorized tricycl
  ✗非中國相關 ld-10: LD 10 43449762.jpg
  ✗非中國相關 df-27: DF27 Vent dAmont P1890765.jpg
  ✗非中國相關 type-19-ifv: JGSDF Type 19 155mm self-propelled howitzer (27-01
  ✗非中國相關 type-19-ifv: Xingkong Starry Sky Jungle Type 19 compared to Typ
  ✗非中國相關 wz-9: Hełm wz.93.jpg
  ✗非中國相關 type-053h: F-18 BNS Osman Type 053H frigate, Bangladesh Navy 
  ✗非中國相關 type-053h: F-18 BNS Osman Type 053H frigate, Bangladesh Navy 
  ✗非中國相關 type-037: Namibian Navy Type 037 Class boats.jpg
[86/406] ✓ type-037 ← 駐港部隊艦艇大隊037II型-771導彈艦.JPG
  ✗非中國相關 type-062: 2014 coast guard ship type 062 built in Romania.jp
  ✗非中國相關 type-062: Type 062-class gunboat, October 2014-1.jpg
[89/406] ✓ type-021 ← Edgar Germain Hilaire Degas 021.jpg
[90/406] ✓ type-081 ← PLAN-081-805.jpg
[91/406] ✓ type-082 ← Type 082 mine countermeasure vessel.png
[92/406] ✓ type-074 ← Type 074 3358 deck.jpg
  ✗非中國相關 type-032: Amphibious assault, RIMPAC 2014 140729-N-QG393-032
  ✗非中國相關 type-032: Cornjum, Martenastate 032.jpg
  ✗非中國相關 type-039c: Semi-nude woman walking with her hands engaged in 
  ✗非中國相關 type-092: 2024 époqu'auto 092 Rochet Schneider type 9 000 do
  ✗非中國相關 type-096: Gudgeon (SS-567) - Tang class.jpg
  ✗非中國相關 type-096: At Musée de Grenoble 2025 096 - Laurent Guetal, La
  ✗非中國相關 type-096: Gudgeon (SS-567) - Tang class.jpg
  ✗非中國相關 type-033: Romeo class submarine.jpg
  ✗非中國相關 type-033: Romeo class submarine.jpg
[97/406] ✓ type-033 ← Chinese Romeo class submarine.JPEG
[98/406] ✓ type-904 ← Statuette of the god Anubis on a modern base, wood - Museo E
  ✗非中國相關 type-905: Card 905, Queen Vassar, from the Actors and Actres
[100/406] ✓ type-926 ← Conveyances- Watercraft, Ships-Boats, by name, P - Watercraf
  ✗非中國相關 type-636a: Horse Daisy jumping hurdle, saddled with rider , p
  ✗非中國相關 type-818: Peugeot Type 818.jpg
[105/406] ✓ z-8l ← Z-8l cns 2024.png
[106/406] ✓ z-9w ← PLA Harbin Z-9W 2012 Hong Kong cropped.JPG
[108/406] ✓ z-11wb ← Changhe Z-11WB, Zhuhai-Jinwan 4th November 2016 (31829381252
[109/406] ✓ z-15 ← Zbroyar Z-15 06 (cropped).jpg
  ✗非中國相關 q-5: Nanchang Q-5 model.jpg
  ✗非中國相關 q-5: Nanchang Q-5 model.jpg
  ✗非中國相關 j-7e: Chengdu J-7E.png
  ✗非中國相關 j-7e: Chengdu J-7E.png
  ✗非中國相關 ch-3: CH-3 at the Aerospace Museum of California.jpg
  ✗非中國相關 wing-loong-10: 68-WL-10-PPK-1-L Wolkusz 10.jpg
[116/406] ✓ asn-206 ← ASN-206.png
  ✗非中國相關 y-8g: PLAAF Y-8G (GX-4) 30515 RED 2017-08-12.jpg
[119/406] ✓ kj-500a ← KJ-500A at China's Air Force Aviation Open Day 20250921‌.jpg
[120/406] ✓ type-79 ← Type 79-ІІ Chinese Tank.jpg
  ✗非中國相關 type-80: Chinese Type 80-ІІ Tank.jpg
  ✗非中國相關 type-80: Bangladesh Army Type 80 machine gun on display.jpg
  ✗非中國相關 type-80: Chinese Type 80-ІІ Tank.jpg
  ✗非中國相關 ptl-02: Senegalese PTL-02 tank destroyer near the Gambian 
[123/406] ✓ wz-523 ← Namibian army WZ-523 IFV.png
  ✗非中國相關 plz-52: Norinco PLZ52 at IDEX 2017.jpg
  ✗非中國相關 sh-15: SW SH-15 Gobi Erode Tamil Nadu Aug25 A7CR 06434.jp
  ✗非中國相關 phl-11: American Eagle Embraer ERJ 145 at PHL 11.jpg
  ✗非中國相關 phl-11: American Eagle Embraer ERJ 145 at PHL 11.jpg
  ✗非中國相關 gcz-112: GCZ-112 - Подготовка команд Китая, Казахстана и Бе
  ✗非中國相關 type-84-bridge: Type 84 (8342343646).jpg
  ✗非中國相關 type-654-arv: Depot Eckenheim R-Wagen017+Pt652+654 22042007.JPG
  ✗非中國相關 type-654-arv: Berlin Painter - ARV 201 67 - young hoplites - Wie
  ✗非中國相關 jy-27: JR JY-27 station number.png
[133/406] ✓ slc-7 ← Kearns Building, SLC (7).jpg
  ✗非中國相關 type-120-radar: Delage Type D8-120 Side.jpg
  ✗非中國相關 cetc-jammer: Oberig-N EW jammer, Kyiv 2021, 01.jpg
  ✗非中國相關 pl-9: Parseval PL 9.png
  ✗非中國相關 pl-11: Wild flowers (Pl. 11) (8513780306).jpg
  ✗非中國相關 pl-21: Wild flowers (Pl. 21) BHL21587221.jpg
[142/406] ✓ hj-73 ← HJ-73 in Military Museum of the Chinese People's Revolution.
  ✗非中國相關 hj-11: Falun vs Insjön Innebandy HJ 11.jpg
[144/406] ✓ hq-2 ← HQ-2 missiles, China Aviation Museum.jpg
  ✗非中國相關 df-3: DF 3.jpg
  ✗非中國相關 df-3: DF 3.jpg
  ✗非中國相關 df-4: DF 4.jpg
  ✗非中國相關 df-4: DF 4.jpg
[150/406] ✓ type-54-pistol ← ChineseType54Pistol.jpg
  ✗非中國相關 type-85-sniper: Type 85 (YW531H) APC 20251112.jpg
[152/406] ✓ w85-hmg ← W85 warhead (DOE).jpg
  ✗非中國相關 pf-89: 18. Jiří Kolář, P.F. 89 (1988), interkoláž.jpg
[156/406] ✓ type-051 ← Type 051 destroyer Zhuhai in Chongqing, China - 31 December 
[158/406] ✓ type-037ii ← 駐港部隊艦艇大隊037II型-772導彈艦 2012b.JPG
  ✗非中國相關 type-024: 13-08-31-Kochtreffen-Wien-RalfR-N3S 7849-024.jpg
[160/406] ✓ type-909 ← Conveyances- Watercraft, Ships-Boats, by name, P - Watercraf
[161/406] ✓ type-925 ← Conveyances- Watercraft, Ships-Boats, by name, P - Watercraf
[162/406] ✓ type-072iii ← Type 072III landing ship.jpg
  ✗非中國相關 type-095: Atlas type Lafréri - btv1b52511601q (095 of 226).j
[166/406] ✓ hy-6 ← PLAAF Xian HY-6 Li Pang.jpg
[167/406] ✓ j-10s ← HY-6 with two J-10s - 2015 China Victory Day Parade 2.jpg
[169/406] ✓ type-63-apc ← Type 63 tank - above.jpg
  ✗非中國相關 pgz-88: Type88helmet.JPG
[171/406] ✓ type-65-aaa ← Peugeot Type 65, 2-cylinder 10 HP (Allgemeine Automobil-Zeit
  ✗非中國相關 type-74-aaa: Japanese - Type 74 tank - 2.jpg
  ✗非中國相關 type-77-hmg: Type 77-1 grenade.jpg
  ✗非中國相關 asn-301: ASN-301 Armenia.png
  ✗非中國相關 ws-43: WS-43 loitering munition model at IDEX 2023.jpg
[176/406] ✓ ch-901 ← FH-901 suicide drone at ARMY-2022.jpg
  ✗非中國相關 wz-6: Utrecht - Bemuurde Weerd WZ 6 - Rijksmonument45036
  ✗非中國相關 gj-1: GJ-1&GJ-2 at Changchun Airshow 20250921.jpg
  ✗非中國相關 type-06-armor: 36IR Type 06 RG.jpg
[182/406] ✓ single-soldier-system ← Mounted Soldier System (MSS).jpg
  ✗非中國相關 zzc-command: Soldiers secure an M113 armored command vehicle to
  ✗非中國相關 field-fuel-truck: Fuel truck at Zurich International Airport.jpg
  ✗非中國相關 type-052: Vaisseau lance-canon lance-glisseurs (988p60h30v0)
  ✗非中國相關 type-052: JR Central Type 11 DMU 052.jpg
  ✗非中國相關 type-055a: Goodwood2007-055a Bugatti Hood Ornament Type 41 Ro
  ✗非中國相關 type-065: JNR Type 37 DMU 065.JPG
  ✗非中國相關 type-053k: Type 342 Fog Lamp - Chinese Fire Control Radar for
  ✗非中國相關 type-053k: Type 342 Fog Lamp - Chinese Fire Control Radar for
  ✗非中國相關 type-053k: Type 342 Fog Lamp - Chinese Fire Control Radar for
  ✗非中國相關 type-026: Sapporo Street Car Type A1200 026.JPG
  ✗非中國相關 c-704: Flickr - Israel Defense Forces - C-704 Anti-Ship M
  ✗非中國相關 c-704: Flickr - Israel Defense Forces - C-704 Anti-Ship M
[199/406] ✓ hhq-7 ← HHQ-7 launcher and missile.jpg
  ✗非中國相關 rif-m: Chefchaouen, Rif Mountains, Morocco, Mosque Sebban
  ✗非中國相關 shtil: Navy Moskva and Shtil 2012 G1.jpg
  ✗非中國相關 shtil: Navy Moskva and Shtil 2012 G1.jpg
  ✗非中國相關 yu-8: FV Tian Yu 8.JPG
  ✗非中國相關 yu-9: Ada Liu and Peng Yu 9.jpg
[206/406] ✓ hpj-38 ← H PJ-45 130mm naval gun installed on CNS Kunming.jpg
  ✗非中國相關 hpj-26: Hiddensee AK-176 gun.jpg
[207/406] ✓ hpj-26 ← Type 26 76 mm shipboard gun.jpg
[208/406] ✓ type-346 ← Caeretan hydria by Eagle Painter, detail of Herakles - Getty
  ✗非中國相關 type-346a: Alenia Aermacchi T-346A, Italy - Air Force JP73483
  ✗非中國相關 type-346b: Nederlandsche vogelen (KB) - Dendrocopos medius (3
  ✗非中國相關 type-093a: Flore des serres v17 093a.jpg
  ✗非中國相關 type-094a: Nude woman ascending stairs and looking around wit
  ✗非中國相關 type-035a: Female semi-nude walking and carrying child on rig
  ✗非中國相關 type-035b: Female semi-nude walking and carrying child on rig
  ✗非中國相關 type-039g: Type 039G submarine.jpg
  ✗非中國相關 type-039g: Type 039G submarine.jpg
  ✗非中國相關 type-039g: Type 039G submarine.jpg
  ✗非中國相關 kilo-636: June 2020 Baltic Fleet submarine rescue exercise -
[221/406] ✓ type-074a ← Type 074A landing ship.jpg
  ✗非中國相關 type-271: Pottery types of Tomb 271, Naqada.jpg
  ✗非中國相關 type-726a: Design for Vis-à-vis Caleche, no. 726a MET DP87812
  ✗非中國相關 zubr: HS Ithaca (L 181) Zubr class LCAC of Greece.jpg
  ✗非中國相關 zubr: Pivo Zubr.jpg
  ✗非中國相關 zubr: HS Ithaca (L 181) Zubr class LCAC of Greece.jpg
  ✗非中國相關 type-081a: Nude woman ascending an incline with a bucket of w
[226/406] ✓ type-082i ← Type 082I mine countermeasure vessel.png
[227/406] ✓ type-082ii ← Type 082II mine countermeasure vessel.png
  ✗非中國相關 type-010: Paris - Bonhams 2013 - Bugatti type 54 grand Prix 
  ✗非中國相關 type-312: Fiat 500 Type 312 Rosso (3).jpg
  ✗非中國相關 type-903: Two Indonesian F-16 jet fighters flying over a Chi
  ✗非中國相關 type-908: At Tenerife 2020 908 - Monument to Francisco Ramos
[232/406] ✓ type-908 ← A port side stern view of the Chinese Peoples Liberation Nav
  ✗非中國相關 type-815: JR Kyushu Type 815 EC @Kumamoto (4208063267).jpg
[234/406] ✓ type-815g ← Type 815Gs and Type 815A.jpg
  ✗非中國相關 type-927: 1939 Skoda Popular 1100 OHV type 927 pic4.JPG
  ✗非中國相關 type-639: Jawa 350 type 639 (1990).JPG
  ✗非中國相關 type-636-survey: 1951 Mercedes type OM 636, pic2.JPG
[239/406] ✓ type-922 ← Conveyances- Watercraft, Ships-Boats, by name, P - Watercraf
[240/406] ✓ type-917 ← Conveyances- Watercraft, Ships-Boats, by name, P - Watercraf
  ✗非中國相關 lr7-dsrv: Maria-Luise Rainer IMG 7908 by Stepro LR7.5.jpg
[243/406] ✓ zhenghe ← Zheng He Pearl Harbor.jpg
[244/406] ✓ qijiguang ← PLANS Qi Jiguang 83 (ship, 2017) 20190621.jpg
  ✗非中國相關 shichang: Japanese Type 89 machine gun in Indonesian service
[246/406] ✓ type-910 ← Conveyances- Watercraft, Ships-Boats, by name, P - Watercraf
  ✗非中國相關 j-5: Martyrs' Cemetery, Zhengzhou 15 Chinese F-5 (Sheny
  ✗非中國相關 j-5: Martyrs' Cemetery, Zhengzhou 15 Chinese F-5 (Sheny
  ✗非中國相關 j-5: Martyrs' Cemetery, Zhengzhou 14 Chinese F-5 (Sheny
  ✗非中國相關 j-6: Shenyang F-6C Farmer.jpg
  ✗非中國相關 j-6: Shenyang F-6C Farmer.jpg
  ✗非中國相關 j-6: Shenyang F-6C Farmer.jpg
[250/406] ✓ j-8 ← Shenyang J-8 (Finback-A).jpg
  ✗非中國相關 j-11bs: PLAAF J-11BS - 1.jpg
  ✗非中國相關 j-15s: MiG-15s and Il-28s at Kabul 1959.jpg
  ✗非中國相關 j-15s: EN80-15s + EN80-29d.jpg
[255/406] ✓ fc-31 ← Shenyang J-31 (F60) at the 2014 Zhuhai Air Show.jpg
  ✗非中國相關 h-5: Ilyushin, Il-28, Beagle (Mascot).jpg
  ✗非中國相關 h-5: Soviet Bomber Ilyushin Il-28. Советский бомбардиро
  ✗非中國相關 h-6m: H-6M 81218 20150730.jpg
[259/406] ✓ h-20 ← Heinkel He 111 H-20 'G1+DS', 8. KG 55, 1944.jpg
  ✗非中國相關 jj-7: Touch Down for FT-7 BG (8130138666).jpg
  ✗非中國相關 hyj-7: Abarth 595 (J3 HYJ) - 7 June 2026.jpg
  ✗非中國相關 y-20b: Bermeo - Iglesia y Convento de San Francisco 20b.j
[263/406] ✓ kj-1 ← KJ-1.jpg
  ✗非中國相關 zdk-03: Pakistan Air Force Shaanxi ZDK-03 (Y-8) inflight.j
  ✗非中國相關 gx-1: Yamaha GX-1 rear @ Yamaha Design Masterworks.jpg
  ✗非中國相關 gx-4: PLAAF Y-8G (GX-4) 30515 RED 2017-08-13.jpg
[271/406] ✓ pl-2 ← PLA naval officer cadets inspect PL-2B missile.jpg
  ✗非中國相關 kd-63: Einfahrvorsignal Bahnhof Hochdorf Schienenbus 798 
  ✗非中國相關 kd-20: Commons Workshop Kd 20.jpg
  ✗非中國相關 z-5: Z-5 (Mi-4) helicopter gearboxes (11278500456).jpg
  ✗非中國相關 z-5: Z-5 (Mi-4) helicopter gearboxes (11278500456).jpg
  ✗非中國相關 z-5: Z-5 (Mi-4) helicopter gearboxes (11278500456).jpg
[276/406] ✓ z-8a ← Niederwaldplatz 8a Dresden 2021-02-01 1.jpg
  ✗非中國相關 z-18j: PLANAF Changhe Z-18J AEW.png
  ✗非中國相關 z-18j: PLANAF Changhe Z-18J AEW.png
  ✗非中國相關 z-18j: PLANAF Changhe Z-18J AEW.png
[280/406] ✓ z-9d ← PLANAF Z-9D 20220515.jpg
[281/406] ✓ z-9wa ← PLAAF Harbin Z-9WA.jpg
  ✗非中國相關 z-10k: Rhombische Schnittstelle HQ OpenCL 10K 20200705.pn
[282/406] ✓ z-10k ← Z-10K.jpg
  ✗非中國相關 z-10me: Grand traité d'instrumentation et d'orchestration 
[284/406] ✓ z-20j ← Z-20J Helicopter flying demonstration 20241115.jpg
  ✗非中國相關 z-21: Kit body EARTH FRIENDS TOKYO Z 21-22 HOME.png
  ✗非中國相關 mi-26: Water for use in aerial firefighting being carried
  ✗非中國相關 mi-26: Water for use in aerial firefighting being carried
  ✗非中國相關 mi-26: Cockpit of Mil Mi-26.jpg
  ✗非中國相關 ka-27: Kamov Ka-27-in-2008.jpg
  ✗非中國相關 ka-27: Comets Kick up Dust in Helix Nebula (PIA09178).jpg
  ✗非中國相關 ka-27: Ukrainian Kamov Ka-27 Helix at Kulbakino Air Base.
  ✗非中國相關 as565: Marina-Panther-Unitasgold2009.jpg
  ✗非中國相關 as565: Marina-Panther-Unitasgold2009.jpg
  ✗非中國相關 as565: Marina-Panther-Unitasgold2009.jpg
  ✗非中國相關 sa321: Super Frelon 4.jpg
  ✗非中國相關 sa321: Super Frelon 4.jpg
  ✗非中國相關 sa321: SA321 Super Frelon (cropped).jpg
[290/406] ✓ ac313 ← Changhe AC313 Gu.jpg
  ✗非中國相關 ch-1: US Army Cessna CH-1.jpg
  ✗非中國相關 ch-2: Helicóptero Cicaré CH-2 en vuelo.png
[296/406] ✓ bzk-007 ← PLA Reconnaissance Drone BZK-007 (March 2022).jpg
  ✗非中國相關 jari-usv: Neste Oil Rally 2010 - Jari-Matti Latvala in shake
  ✗非中國相關 ar-1: AR 159 north of AR 1 in McGehee, AR.jpg
[301/406] ✓ df-1 ← Dongfeng 1 Missile.jpg
[302/406] ✓ df-2 ← Dongfeng-2 missile.jpg
[303/406] ✓ df-5 ← DF-5 early model.jpg
[305/406] ✓ df-5b ← DF-5B, first stage.jpg
  ✗非中國相關 df-12: Voie DF 12 - Paris XII (FR75) - 2021-02-04 - 2.jpg
[307/406] ✓ df-15 ← Dongfeng-15B.JPG
  ✗非中國相關 df-15a: F-15A Eagle prepares to fire AIM-9 Sidewinder - DF
  ✗非中國相關 df-15a: F-15A Eagle prepares to fire AIM-9 Sidewinder - DF
  ✗非中國相關 df-15c: US Air Force DF-SD-06-00578 Airman prepare to load
  ✗非中國相關 df-15c: A US F-15C and a Saudi Arabian F-15C fly a combat 
[310/406] ✓ df-21 ← DF-21A TEL - Chinese Military Museum Beijing.jpg
[311/406] ✓ df-31a ← Dongfeng-31A.JPG
  ✗非中國相關 df-zf: WU-14 HGV.jpg
  ✗非中國相關 b611: Borgward B 611 Wohnmobil (2005-08-26).JPG
  ✗非中國相關 b611: La forêt vosgienne - B611.jpg
  ✗非中國相關 type-59g: Bangladesh Army upgraded T-59G 'Durjoy' MBT. (3365
  ✗非中國相關 type-59g: Bangladesh Army upgraded T-59G 'Durjoy' MBT. (3365
  ✗非中國相關 type-88a: Type 88A main battle tank.jpg
  ✗非中國相關 type-88a: Type 88A main battle tank.jpg
  ✗非中國相關 vt-4: NORINCO VT-4 at IDEX 2017.jpg
  ✗非中國相關 vt-4: NORINCO VT-4 at IDEX 2017.jpg
  ✗非中國相關 vt-4: NORINCO VT-4 at IDEX 2017.jpg
  ✗非中國相關 vt-5: VT-5 Light Tank 2018.png
  ✗非中國相關 vn1: VN1 Childrens Day 2024.jpg
  ✗非中國相關 vn1: V.n1-7Q5.JPG
  ✗非中國相關 st1: Drilling rig at St1's geothermal heat pilot projec
  ✗非中國相關 mengshi-3: CSK181.jpg
[330/406] ✓ type-54-122 ← ChineseType54Pistol.jpg
  ✗非中國相關 type-60-122: Type-60-sp-20030217.JPEG
  ✗非中國相關 type-59-130: Iraqi Type 59 130 mm field gun.JPEG
  ✗非中國相關 type-86-122: "Руслан". Коммуна 122 - panoramio.jpg
  ✗非中國相關 type-83-152-towed: Recueil. Vues, types et mœurs d'Argentine et du Ch
[336/406] ✓ type-63-107 ← Type1963 107mm Rocket Launcher.jpg
  ✗非中國相關 type-81-122: Type 81 40-tube rocket launcher.jpg
  ✗非中國相關 type-81-122: Type 81 40-tube rocket launcher.jpg
[338/406] ✓ type-83-273 ← Autorail 273.jpg
  ✗非中國相關 type-82-130: Lockheed C-130... Hercules (L-...82) AN0268939.jpg
  ✗非中國相關 ar1-mlrs: Bentley AR1.jpg
  ✗非中國相關 ar3-mlrs: Entrada de Mexico City Arena - Ar3.jpg
  ✗非中國相關 type-70-122: Bordeaux - Types bordelais 122.jpg
  ✗非中國相關 type-85-122: Praha, Cibulka, trať číslo 122.jpg
  ✗非中國相關 sh1-155: New Road in Albania (SH1).jpg
  ✗非中國相關 sh2-122: Ou4 sh2-129 wf c lshorgb 2193m+3489m+2060m+120m 78
  ✗非中國相關 sh5-105: Harbin SH-5.jpg
[348/406] ✓ type-67-82 ← Père-Lachaise - Division 67 - 82.jpg
  ✗非中國相關 type-87-82: 87式＆82式・守山駐屯地2024.jpg
  ✗非中國相關 type-64-120: Virgin MET sf25-120-368s3.jpg
  ✗非中國相關 type-56-160: At Montevideo 2023 160.jpg
[352/406] ✓ sm4-120 ← Prototyp SM-4 Łątka.jpg
  ✗非中國相關 type-75-145: 1919 Garford Type 75 fire truck (12318362365).jpg
  ✗非中國相關 type-87-25: JGSDF Type 87 Reconnaissance Vehicle(25-2669) righ
  ✗非中國相關 type-59-100aa: Type 59 anti air.jpg
  ✗非中國相關 type-90-35aa: Type 90 Prototype (1).jpg
[363/406] ✓ qw-3 ← QW-3 Missile Shooting in Garut.jpg
  ✗非中國相關 tor-m1: Tor M1.jpg
  ✗非中國相關 tor-m1: Tor-M1 SAM (2).jpg
  ✗非中國相關 tor-m1: Tor-M1 SAM (2).jpg
  ✗非中國相關 type-84a-avlb: Diepmengers, bros diepmenger, type lsprm 84a, Best
  ✗非中國相關 type-653-arv: Chinese Type 653 ARV 2.JPG
  ✗非中國相關 type-653-arv: Chinese Type 653 ARV 2.JPG
  ✗非中國相關 jy-11: JR JY-11 station number.png
  ✗非中國相關 jy-14: JR JY-14 station number.png
  ✗非中國相關 ylc-2: Johnny Gargano YLC 2008 2.jpg
  ✗非中國相關 ylc-6: Bangladesh Air Force YLC 6 Radar Inauguration Cox'
  ✗非中國相關 ylc-20: Johnny Gargano YLC 2008 1.jpg
  ✗非中國相關 slc-2e: Space Launch Complex-1 East (SLC-2E).JPG
  ✗非中國相關 qbz-95: QBZ95 automatic rifle.jpg
  ✗非中國相關 type-68-rifle: North Korean Type 58 and Type 68.jpg
  ✗非中國相關 type-cq: Rétromobile 2018 - Renault - Type CQ - 1912 - 001.
  ✗非中國相關 cs-lr4: CS-LR4 Sniper Rifle @ PA 122nd Anniversary Caravan
  ✗非中國相關 m99-amr: M99; NGC 4254 (noao-m99).jpg
  ✗非中國相關 m99-amr: TNLA with Zijiang M99.png
  ✗非中國相關 type-77-pistol: Type 77-1 grenade.jpg
[400/406] ✓ type-77-pistol ← Norinco Type 77B.jpg
  ✗非中國相關 pf-97: Renault 19 Cabriolet, XX-PF-97 (51250449552).jpg
  ✗非中國相關 type-90-60: Vammas 130 K 90-60.jpg
  ✗非中國相關 mi-171: Mil Mi-171 Helicopter From Bangladesh Air Force (7
  ✗非中國相關 mi-171: Mil Mi-17-1V Hip 6112 (11749085526).jpg
  ✗非中國相關 mi-171: Mil Mi-171 Helicopter From Bangladesh Air Force (7
=== 完成 ok=85 無合格圖=313 錯誤=0 累計=93 ===
