批次查詢 451 個維基標題…
  …已查 50/451，找到主圖 32
  …已查 300/451，找到主圖 216
查詢完成：298 個標題有指定主圖
  ✗不符 qbz-95b: QBZ95_automatic_rifle_mod_noBG.png
  ✓ type-81-rifle ← Type_81_assault_rifle_20220203.jpg
  ✓ qbu-191 ← QBZ191_20250921.jpg
  ✓ qcw-05 ← QCW05_-_5.8mm_submachine_gun_20170919.jpg
  ✗不符 qcq-171: QBZ191_20250921.jpg
  ✓ qcq-171 ← CS_LS7.jpg
  下載失敗 type-79-smg: HTTP Error 429: Too many requests - please contact noc@wikim
  ✓ qjy-88 ← QJY-88_general_purpose_machine_gun_20220203.jpg
  ✗不符 qjy-201: QBZ191_20250921.jpg
  ✗不符 qjz-89: Handan_(579)_Frigate_-_Type_345_Radar_(cropped).jpg
  ✗不符 qjz-171: Handan_(579)_Frigate_-_Type_345_Radar_(cropped).jpg
  下載失敗 type-67-mg: HTTP Error 429: Too many requests - please contact noc@wikim
  下載失敗 type-80-mg: HTTP Error 429: Too many requests - please contact noc@wikim
  ✗不符 qlz-87: Type_87_Grenade_Launcher.jpg
  ✗不符 qlz-04: Type_87_Grenade_Launcher.jpg
  ✓ qlz-04 ← QLZ-04-1.png
批次查詢 451 個維基標題…
  …已查 50/451，找到主圖 32
  …已查 300/451，找到主圖 216
查詢完成：298 個標題有指定主圖
  ✗不符 qbz-95b: QBZ95_automatic_rifle_mod_noBG.png
  ✓ type-79-smg ← Type_79_chinese_submachine_gun.jpg
  ✗不符 qjy-201: QBZ191_20250921.jpg
  ✗不符 qjz-89: Handan_(579)_Frigate_-_Type_345_Radar_(cropped).jpg
  ✗不符 qjz-171: Handan_(579)_Frigate_-_Type_345_Radar_(cropped).jpg
  下載失敗 type-67-mg: HTTP Error 429: Too many requests - please contact noc@wikim
  下載失敗 type-80-mg: HTTP Error 429: Too many requests - please contact noc@wikim
  ✗不符 qlz-87: Type_87_Grenade_Launcher.jpg
  下載失敗 qlu-11: HTTP Error 429: Too many requests - please contact noc@wikim
